<html>
<body>
<pre>
<h1>µVision Build Log</h1>
<h2>Tool Versions:</h2>
IDE-Version: µVision V5.25.2.0
Copyright (C) 2018 ARM Ltd and ARM Germany GmbH. All rights reserved.
License Information: Mateo Serrano, -, LIC=----
 
Tool Versions:
Toolchain:       MDK-Lite  Version: 5.25.2.0
Toolchain Path:  C:\Keil_v5\ARM\ARMCC\Bin
C Compiler:      Armcc.exe V5.06 update 6 (build 750)
Assembler:       Armasm.exe V5.06 update 6 (build 750)
Linker/Locator:  ArmLink.exe V5.06 update 6 (build 750)
Library Manager: ArmAr.exe V5.06 update 6 (build 750)
Hex Converter:   FromElf.exe V5.06 update 6 (build 750)
CPU DLL:         SARMCM3.DLL V5.25.2.0
Dialog DLL:      DCM.DLL V1.17.1.0
Target DLL:      STLink\ST-LINKIII-KEIL_SWO.dll V3.0.1.0
Dialog DLL:      TCM.DLL V1.35.1.0
 
<h2>Project:</h2>
E:\Facultad\Tecnicas Digitales 3\Proyecto\Actualizacion_troqueladora\Actualizacion_troqueladora\MDK-ARM\Actualizacion_troqueladora.uvprojx
Project File Date:  07/13/2020

<h2>Output:</h2>
*** Using Compiler 'V5.06 update 6 (build 750)', folder: 'C:\Keil_v5\ARM\ARMCC\Bin'
Build target 'Actualizacion_troqueladora'
assembling startup_stm32f411xe.s...
compiling stm32f4xx_hal_pwr_ex.c...
compiling stm32f4xx_hal_flash_ramfunc.c...
compiling stm32f4xx_hal_flash_ex.c...
compiling stm32f4xx_hal_dma_ex.c...
compiling stm32f4xx_hal_pwr.c...
compiling stm32f4xx_hal_tim_ex.c...
compiling stm32f4xx_hal_rcc.c...
compiling stm32f4xx_hal_rcc_ex.c...
compiling stm32f4xx_hal_cortex.c...
compiling stm32f4xx_hal.c...
compiling stm32f4xx_hal_dma.c...
compiling stm32f4xx_hal_tim.c...
compiling stm32f4xx_hal_gpio.c...
compiling stm32f4xx_hal_flash.c...
compiling stm32f4xx_hal_spi.c...
compiling stm32f4xx_hal_uart.c...
compiling system_stm32f4xx.c...
compiling stm32f4xx_it.c...
compiling stm32f4xx_hal_msp.c...
compiling main.c...
../Src/main.c(147): warning:  #223-D: function "LCD_ini" declared implicitly
  	LCD_ini();
../Src/main.c(149): warning:  #223-D: function "LCD_SetPos" declared implicitly
  	LCD_SetPos(0,0);
../Src/main.c(151): warning:  #223-D: function "LCD_Clear" declared implicitly
  	LCD_Clear();
../Src/main.c(153): warning:  #223-D: function "LCD_CursorOff" declared implicitly
  	LCD_CursorOff();
../Src/main.c(450): warning:  #223-D: function "LCD_Clear" declared implicitly
  	LCD_Clear();
../Src/main.c(451): warning:  #223-D: function "LCD_SetPos" declared implicitly
  	LCD_SetPos(0,0);
../Src/main.c(452): warning:  #223-D: function "LCD_String" declared implicitly
  	LCD_String(linea1);
../Src/main.c(541): warning:  #223-D: function "LCD_Clear" declared implicitly
  	LCD_Clear();
../Src/main.c(542): warning:  #223-D: function "LCD_SetPos" declared implicitly
  	LCD_SetPos(0,0);
../Src/main.c(543): warning:  #223-D: function "LCD_String" declared implicitly
  	LCD_String(linea1);
../Src/main.c: 10 warnings, 0 errors
compiling lcd_txt.c...
linking...
Program Size: Code=7604 RO-data=464 RW-data=36 ZI-data=1236  
"Actualizacion_troqueladora\Actualizacion_troqueladora.axf" - 0 Error(s), 10 Warning(s).

<h2>Software Packages used:</h2>

Package Vendor: ARM
                http://www.keil.com/pack/ARM.CMSIS.5.3.0.pack
                ARM.CMSIS.5.3.0
                CMSIS (Cortex Microcontroller Software Interface Standard)
   * Component: CORE Version: 5.1.1

Package Vendor: Keil
                http://www.keil.com/pack/Keil.STM32F4xx_DFP.2.13.0.pack
                Keil.STM32F4xx_DFP.2.13.0
                STMicroelectronics STM32F4 Series Device Support, Drivers and Examples

<h2>Collection of Component include folders:</h2>
  .\RTE\_Actualizacion_troqueladora
  C:\Keil_v5\ARM\PACK\ARM\CMSIS\5.3.0\CMSIS\Include
  C:\Keil_v5\ARM\PACK\Keil\STM32F4xx_DFP\2.13.0\Drivers\CMSIS\Device\ST\STM32F4xx\Include

<h2>Collection of Component Files used:</h2>

   * Component: ARM::CMSIS:CORE:5.1.1
Build Time Elapsed:  00:00:18
</pre>
</body>
</html>
