<html>
<body>
<pre>
<h1>µVision Build Log</h1>
<h2>Tool Versions:</h2>
IDE-Version: µVision V5.25.2.0
Copyright (C) 2018 ARM Ltd and ARM Germany GmbH. All rights reserved.
License Information: Mateo Serrano, -, LIC=----
 
Tool Versions:
Toolchain:       MDK-Lite  Version: 5.25.2.0
Toolchain Path:  C:\Keil_v5\ARM\ARMCC\Bin
C Compiler:      Armcc.exe V5.06 update 6 (build 750)
Assembler:       Armasm.exe V5.06 update 6 (build 750)
Linker/Locator:  ArmLink.exe V5.06 update 6 (build 750)
Library Manager: ArmAr.exe V5.06 update 6 (build 750)
Hex Converter:   FromElf.exe V5.06 update 6 (build 750)
CPU DLL:         SARMCM3.DLL V5.25.2.0
Dialog DLL:      DCM.DLL V1.17.1.0
Target DLL:      STLink\ST-LINKIII-KEIL_SWO.dll V3.0.1.0
Dialog DLL:      TCM.DLL V1.35.1.0
 
<h2>Project:</h2>
E:\Facultad\Tecnicas Digitales 3\Proyecto\Actualizacion_troqueladora\Modulos parciales\Final\MDK-ARM\Final.uvprojx
Project File Date:  11/03/2019

<h2>Output:</h2>
*** Using Compiler 'V5.06 update 6 (build 750)', folder: 'C:\Keil_v5\ARM\ARMCC\Bin'
Build target 'Final'
compiling main.c...
../Src/main.c(777): warning:  #167-D: argument of type "char *" is incompatible with parameter of type "uint8_t *"
  						if(MFRC522_Compare(CardID,operarios[n].id)== MI_OK){
../Src/main.c(795): warning:  #167-D: argument of type "char *" is incompatible with parameter of type "uint8_t *"
  						if(MFRC522_Compare(CardID,operarios[n].id)== MI_OK){
../Src/main.c(812): warning:  #167-D: argument of type "char *" is incompatible with parameter of type "uint8_t *"
  						if(MFRC522_Compare(CardID,operarios[n].id)== MI_OK){
../Src/main.c(833): warning:  #167-D: argument of type "char *" is incompatible with parameter of type "uint8_t *"
  						if(MFRC522_Compare(CardID,operarios[n].id)== MI_OK){
../Src/main.c(859): warning:  #167-D: argument of type "char *" is incompatible with parameter of type "uint8_t *"
  							if(MFRC522_Compare(CardID,operarios[n].id)== MI_OK){
../Src/main.c(868): warning:  #167-D: argument of type "char *" is incompatible with parameter of type "uint8_t *"
  						if(MFRC522_Compare(CardID,operarios[operario_activo].id)== MI_OK){
../Src/main.c(1258): warning:  #177-D: variable "offset"  was declared but never referenced
  	int offset;
../Src/main.c(1259): warning:  #550-D: variable "escribir"  was set but never used
  	uint8_t escribir[26];
../Src/main.c: 8 warnings, 0 errors
linking...
Program Size: Code=12668 RO-data=456 RW-data=96 ZI-data=2624  
"Final\Final.axf" - 0 Error(s), 8 Warning(s).

<h2>Software Packages used:</h2>

Package Vendor: ARM
                http://www.keil.com/pack/ARM.CMSIS.5.3.0.pack
                ARM.CMSIS.5.3.0
                CMSIS (Cortex Microcontroller Software Interface Standard)
   * Component: CORE Version: 5.1.1

Package Vendor: Keil
                http://www.keil.com/pack/Keil.STM32F4xx_DFP.2.13.0.pack
                Keil.STM32F4xx_DFP.2.13.0
                STMicroelectronics STM32F4 Series Device Support, Drivers and Examples

<h2>Collection of Component include folders:</h2>
  .\RTE\_Final
  C:\Keil_v5\ARM\PACK\ARM\CMSIS\5.3.0\CMSIS\Include
  C:\Keil_v5\ARM\PACK\Keil\STM32F4xx_DFP\2.13.0\Drivers\CMSIS\Device\ST\STM32F4xx\Include

<h2>Collection of Component Files used:</h2>

   * Component: ARM::CMSIS:CORE:5.1.1
Build Time Elapsed:  00:00:02
</pre>
</body>
</html>
